========================================
[Thu Mar 12 03:10:40 UTC 2026] Starting training for arm_0
  Config: /workspace/spar-team-recon/projects/ip/configs/exp_6/XY/arm_0/training.json
  Nohup log: /workspace/spar-team-recon/projects/ip/results/exp_6/XY/arm_0/logs/nohup.out
========================================
[Thu Mar 12 03:10:40 UTC 2026] arm_0 PID: 7448
[Thu Mar 12 03:22:39 UTC 2026] arm_0 completed successfully.
========================================
[Thu Mar 12 03:22:39 UTC 2026] Starting training for arm_1
  Config: /workspace/spar-team-recon/projects/ip/configs/exp_6/XY/arm_1/training.json
  Nohup log: /workspace/spar-team-recon/projects/ip/results/exp_6/XY/arm_1/logs/nohup.out
========================================
[Thu Mar 12 03:22:39 UTC 2026] arm_1 PID: 8410
[Thu Mar 12 03:28:19 UTC 2026] arm_1 completed successfully.
========================================
[Thu Mar 12 03:28:19 UTC 2026] Starting training for arm_2
  Config: /workspace/spar-team-recon/projects/ip/configs/exp_6/XY/arm_2/training.json
  Nohup log: /workspace/spar-team-recon/projects/ip/results/exp_6/XY/arm_2/logs/nohup.out
========================================
[Thu Mar 12 03:28:19 UTC 2026] arm_2 PID: 9191
[Thu Mar 12 03:33:55 UTC 2026] arm_2 completed successfully.
========================================
[Thu Mar 12 03:33:55 UTC 2026] Starting training for arm_3
  Config: /workspace/spar-team-recon/projects/ip/configs/exp_6/XY/arm_3/training.json
  Nohup log: /workspace/spar-team-recon/projects/ip/results/exp_6/XY/arm_3/logs/nohup.out
========================================
[Thu Mar 12 03:33:55 UTC 2026] arm_3 PID: 9944
[Thu Mar 12 03:39:33 UTC 2026] arm_3 completed successfully.
========================================
[Thu Mar 12 03:39:33 UTC 2026] Starting training for arm_4
  Config: /workspace/spar-team-recon/projects/ip/configs/exp_6/XY/arm_4/training.json
  Nohup log: /workspace/spar-team-recon/projects/ip/results/exp_6/XY/arm_4/logs/nohup.out
========================================
[Thu Mar 12 03:39:33 UTC 2026] arm_4 PID: 10703
[Thu Mar 12 03:45:15 UTC 2026] arm_4 completed successfully.
========================================
[Thu Mar 12 03:45:15 UTC 2026] Starting training for arm_5
  Config: /workspace/spar-team-recon/projects/ip/configs/exp_6/XY/arm_5/training.json
  Nohup log: /workspace/spar-team-recon/projects/ip/results/exp_6/XY/arm_5/logs/nohup.out
========================================
[Thu Mar 12 03:45:15 UTC 2026] arm_5 PID: 11456
[Thu Mar 12 03:50:58 UTC 2026] arm_5 completed successfully.
========================================
[Thu Mar 12 03:50:58 UTC 2026] Starting training for arm_6
  Config: /workspace/spar-team-recon/projects/ip/configs/exp_6/XY/arm_6/training.json
  Nohup log: /workspace/spar-team-recon/projects/ip/results/exp_6/XY/arm_6/logs/nohup.out
========================================
[Thu Mar 12 03:50:58 UTC 2026] arm_6 PID: 12211
[Thu Mar 12 03:56:39 UTC 2026] arm_6 completed successfully.
========================================
[Thu Mar 12 03:56:39 UTC 2026] Starting training for arm_7
  Config: /workspace/spar-team-recon/projects/ip/configs/exp_6/XY/arm_7/training.json
  Nohup log: /workspace/spar-team-recon/projects/ip/results/exp_6/XY/arm_7/logs/nohup.out
========================================
[Thu Mar 12 03:56:39 UTC 2026] arm_7 PID: 12964
[Thu Mar 12 04:05:51 UTC 2026] arm_7 completed successfully.
========================================
[Thu Mar 12 04:05:51 UTC 2026] Starting training for arm_8
  Config: /workspace/spar-team-recon/projects/ip/configs/exp_6/XY/arm_8/training.json
  Nohup log: /workspace/spar-team-recon/projects/ip/results/exp_6/XY/arm_8/logs/nohup.out
========================================
[Thu Mar 12 04:05:51 UTC 2026] arm_8 PID: 13717
[Thu Mar 12 04:15:03 UTC 2026] arm_8 completed successfully.
========================================
[Thu Mar 12 04:15:03 UTC 2026] Starting training for arm_9
  Config: /workspace/spar-team-recon/projects/ip/configs/exp_6/XY/arm_9/training.json
  Nohup log: /workspace/spar-team-recon/projects/ip/results/exp_6/XY/arm_9/logs/nohup.out
========================================
[Thu Mar 12 04:15:03 UTC 2026] arm_9 PID: 14470
[Thu Mar 12 04:24:22 UTC 2026] arm_9 completed successfully.
========================================
[Thu Mar 12 04:24:22 UTC 2026] Starting training for arm_10
  Config: /workspace/spar-team-recon/projects/ip/configs/exp_6/XY/arm_10/training.json
  Nohup log: /workspace/spar-team-recon/projects/ip/results/exp_6/XY/arm_10/logs/nohup.out
========================================
[Thu Mar 12 04:24:22 UTC 2026] arm_10 PID: 15223
[Thu Mar 12 04:34:28 UTC 2026] arm_10 completed successfully.
========================================
[Thu Mar 12 04:34:28 UTC 2026] Starting training for arm_11
  Config: /workspace/spar-team-recon/projects/ip/configs/exp_6/XY/arm_11/training.json
  Nohup log: /workspace/spar-team-recon/projects/ip/results/exp_6/XY/arm_11/logs/nohup.out
========================================
[Thu Mar 12 04:34:28 UTC 2026] arm_11 PID: 15976
[Thu Mar 12 04:44:36 UTC 2026] arm_11 completed successfully.
========================================
[Thu Mar 12 04:44:36 UTC 2026] Starting training for arm_12
  Config: /workspace/spar-team-recon/projects/ip/configs/exp_6/XY/arm_12/training.json
  Nohup log: /workspace/spar-team-recon/projects/ip/results/exp_6/XY/arm_12/logs/nohup.out
========================================
[Thu Mar 12 04:44:36 UTC 2026] arm_12 PID: 16729
[Thu Mar 12 04:54:43 UTC 2026] arm_12 completed successfully.
========================================
[Thu Mar 12 04:54:43 UTC 2026] Starting training for arm_13
  Config: /workspace/spar-team-recon/projects/ip/configs/exp_6/XY/arm_13/training.json
  Nohup log: /workspace/spar-team-recon/projects/ip/results/exp_6/XY/arm_13/logs/nohup.out
========================================
[Thu Mar 12 04:54:43 UTC 2026] arm_13 PID: 17482
[Thu Mar 12 05:04:50 UTC 2026] arm_13 completed successfully.
========================================
[Thu Mar 12 05:04:50 UTC 2026] Starting training for arm_14
  Config: /workspace/spar-team-recon/projects/ip/configs/exp_6/XY/arm_14/training.json
  Nohup log: /workspace/spar-team-recon/projects/ip/results/exp_6/XY/arm_14/logs/nohup.out
========================================
[Thu Mar 12 05:04:50 UTC 2026] arm_14 PID: 18235
[Thu Mar 12 05:14:56 UTC 2026] arm_14 completed successfully.
========================================
[Thu Mar 12 05:14:56 UTC 2026] Starting training for arm_15
  Config: /workspace/spar-team-recon/projects/ip/configs/exp_6/XY/arm_15/training.json
  Nohup log: /workspace/spar-team-recon/projects/ip/results/exp_6/XY/arm_15/logs/nohup.out
========================================
[Thu Mar 12 05:14:56 UTC 2026] arm_15 PID: 18988
[Thu Mar 12 05:25:02 UTC 2026] arm_15 completed successfully.
========================================
[Thu Mar 12 05:25:02 UTC 2026] All arms finished.
========================================
