===== EXP 8: Starting all arms =====
Start time: Thu Mar 26 12:27:57 UTC 2026

==========================================
ARM 0 — TRAINING
Start: Thu Mar 26 12:27:57 UTC 2026
==========================================
ARM 0 — Training done: Thu Mar 26 12:37:10 UTC 2026

==========================================
ARM 0 — EVALUATION
Start: Thu Mar 26 12:37:10 UTC 2026
==========================================
ARM 0 — Evaluation done: Thu Mar 26 12:39:57 UTC 2026

==========================================
ARM 1 — TRAINING
Start: Thu Mar 26 12:39:57 UTC 2026
==========================================
ARM 1 — Training done: Thu Mar 26 12:48:47 UTC 2026

==========================================
ARM 1 — EVALUATION
Start: Thu Mar 26 12:48:47 UTC 2026
==========================================
ARM 1 — Evaluation done: Thu Mar 26 12:51:38 UTC 2026

==========================================
ARM 2 — TRAINING
Start: Thu Mar 26 12:51:38 UTC 2026
==========================================
ARM 2 — Training done: Thu Mar 26 13:00:23 UTC 2026

==========================================
ARM 2 — EVALUATION
Start: Thu Mar 26 13:00:23 UTC 2026
==========================================
ARM 2 — Evaluation done: Thu Mar 26 13:03:14 UTC 2026

==========================================
ARM 3 — TRAINING
Start: Thu Mar 26 13:03:14 UTC 2026
==========================================
ARM 3 — Training done: Thu Mar 26 13:11:56 UTC 2026

==========================================
ARM 3 — EVALUATION
Start: Thu Mar 26 13:11:56 UTC 2026
==========================================
ARM 3 — Evaluation done: Thu Mar 26 13:14:53 UTC 2026

==========================================
ARM 4 — TRAINING
Start: Thu Mar 26 13:14:53 UTC 2026
==========================================
ARM 4 — Training done: Thu Mar 26 13:25:04 UTC 2026

==========================================
ARM 4 — EVALUATION
Start: Thu Mar 26 13:25:04 UTC 2026
==========================================
ARM 4 — Evaluation done: Thu Mar 26 13:29:26 UTC 2026

==========================================
ARM 5 — TRAINING
Start: Thu Mar 26 13:29:26 UTC 2026
==========================================
ARM 5 — Training done: Thu Mar 26 13:38:03 UTC 2026

==========================================
ARM 5 — EVALUATION
Start: Thu Mar 26 13:38:03 UTC 2026
==========================================
ARM 5 — Evaluation done: Thu Mar 26 13:40:54 UTC 2026

==========================================
ARM 6 — TRAINING
Start: Thu Mar 26 13:40:54 UTC 2026
==========================================
ARM 6 — Training done: Thu Mar 26 13:49:33 UTC 2026

==========================================
ARM 6 — EVALUATION
Start: Thu Mar 26 13:49:33 UTC 2026
==========================================
ARM 6 — Evaluation done: Thu Mar 26 13:52:20 UTC 2026

==========================================
ARM 7 — TRAINING
Start: Thu Mar 26 13:52:20 UTC 2026
==========================================
ARM 7 — Training done: Thu Mar 26 14:01:00 UTC 2026

==========================================
ARM 7 — EVALUATION
Start: Thu Mar 26 14:01:00 UTC 2026
==========================================
ARM 7 — Evaluation done: Thu Mar 26 14:05:18 UTC 2026

==========================================
ARM 8 — TRAINING
Start: Thu Mar 26 14:05:18 UTC 2026
==========================================
ARM 8 — Training done: Thu Mar 26 14:13:12 UTC 2026

==========================================
ARM 8 — EVALUATION
Start: Thu Mar 26 14:13:12 UTC 2026
==========================================
ARM 8 — Evaluation done: Thu Mar 26 14:15:12 UTC 2026

==========================================
ARM 9 — TRAINING
Start: Thu Mar 26 14:15:12 UTC 2026
==========================================
ARM 9 — Training done: Thu Mar 26 14:22:58 UTC 2026

==========================================
ARM 9 — EVALUATION
Start: Thu Mar 26 14:22:58 UTC 2026
==========================================
ARM 9 — Evaluation done: Thu Mar 26 14:25:10 UTC 2026

==========================================
ARM 10 — TRAINING
Start: Thu Mar 26 14:25:10 UTC 2026
==========================================
ARM 10 — Training done: Thu Mar 26 14:32:56 UTC 2026

==========================================
ARM 10 — EVALUATION
Start: Thu Mar 26 14:32:56 UTC 2026
==========================================
ARM 10 — Evaluation done: Thu Mar 26 14:34:58 UTC 2026

==========================================
ARM 11 — TRAINING
Start: Thu Mar 26 14:34:58 UTC 2026
==========================================
ARM 11 — Training done: Thu Mar 26 14:42:52 UTC 2026

==========================================
ARM 11 — EVALUATION
Start: Thu Mar 26 14:42:52 UTC 2026
==========================================
ARM 11 — Evaluation done: Thu Mar 26 14:44:54 UTC 2026

==========================================
ARM 12 — TRAINING
Start: Thu Mar 26 14:44:54 UTC 2026
==========================================
ARM 12 — Training done: Thu Mar 26 14:52:46 UTC 2026

==========================================
ARM 12 — EVALUATION
Start: Thu Mar 26 14:52:46 UTC 2026
==========================================
ARM 12 — Evaluation done: Thu Mar 26 14:55:23 UTC 2026

===== EXP 8: All arms complete =====
End time: Thu Mar 26 14:55:23 UTC 2026
